
> portfolio@0.1.0 build
> next build

▲ Next.js 16.1.6 (Turbopack)
- Environments: .env

  Creating an optimized production build ...
✓ Compiled successfully in 19.6s
  Running TypeScript ...
  Collecting page data using 3 workers ...
  Generating static pages using 3 workers (0/8) ...
  Generating static pages using 3 workers (2/8) 
  Generating static pages using 3 workers (4/8) 
  Generating static pages using 3 workers (6/8) 
✓ Generating static pages using 3 workers (8/8) in 679.2ms
  Finalizing page optimization ...

Route (app)
┌ ○ /
├ ○ /_not-found
├ ƒ /api/contact
├ ○ /contact
├ ○ /icon.png
├ ○ /projects
└ ○ /skills


○  (Static)   prerendered as static content
ƒ  (Dynamic)  server-rendered on demand

